[backblue.gif]
[fade.gif]
[index.html]
[localhost/belgranowp/feed/index.html]
[localhost/belgranowp/comments/feed/index.html]
[localhost/belgranowp/sample-page/feed/index.html]
[localhost/belgranowp/wp-includes/js/jquery/jqueryc1d8.js]
[localhost/belgranowp/wp-includes/js/jquery/jquery-migrate.min1576.js]
[localhost/belgranowp/wp-content/plugins/revslider/rs-plugin/js/jquery.themepunch.tools.min9cbc.js]
[localhost/belgranowp/wp-content/plugins/revslider/rs-plugin/js/jquery.themepunch.revolution.min9cbc.js]
[localhost/belgranowp/wp-content/themes/x_package/x/framework/js/dist/site/x-head.min631d.js]
[localhost/belgranowp/wp-content/plugins/cornerstone/assets/js/dist/site/cs-head.min4b68.js]
[localhost/belgranowp/wp-content/plugins/revslider/images/dummy.png]
[localhost/belgranowp/wp-content/themes/x_package/x/framework/js/dist/site/x-body.min631d.js]
[localhost/belgranowp/wp-includes/js/comment-reply.min5b31.js]
[localhost/belgranowp/index.html]
[localhost/belgranowp/wp-content/plugins/cornerstone/assets/js/dist/site/cs-body.min4b68.js]
[localhost/belgranowp/xmlrpc.php]
[localhost/belgranowp/wp-content/plugins/revslider/rs-plugin/font/revicons90c6.eot]
[localhost/belgranowp/wp-content/plugins/revslider/rs-plugin/font/revicons90c6.woff]
[localhost/belgranowp/wp-content/plugins/revslider/rs-plugin/font/revicons90c6.ttf]
[localhost/belgranowp/wp-content/plugins/revslider/rs-plugin/assets/gridtile.png]
[localhost/belgranowp/wp-content/plugins/revslider/rs-plugin/assets/gridtile_white.png]
[localhost/belgranowp/wp-content/plugins/revslider/rs-plugin/assets/gridtile_3x3.png]
[localhost/belgranowp/wp-content/plugins/revslider/rs-plugin/assets/gridtile_3x3_white.png]
[localhost/belgranowp/wp-content/plugins/revslider/rs-plugin/assets/shadow1.png]
[localhost/belgranowp/wp-content/plugins/revslider/rs-plugin/assets/shadow2.png]
[localhost/belgranowp/wp-content/plugins/revslider/rs-plugin/assets/shadow3.png]
[localhost/belgranowp/wp-content/plugins/revslider/rs-plugin/images/gradient/g30.png]
[localhost/belgranowp/wp-content/plugins/revslider/rs-plugin/images/gradient/g40.png]
[localhost/belgranowp/wp-content/plugins/revslider/rs-plugin/assets/boxed_bgtile.png]
[localhost/belgranowp/wp-content/plugins/revslider/rs-plugin/assets/navigdots_bgtile.png]
[localhost/belgranowp/wp-content/plugins/revslider/rs-plugin/assets/bullet.png]
[localhost/belgranowp/wp-content/plugins/revslider/rs-plugin/assets/bullets.png]
[localhost/belgranowp/wp-content/plugins/revslider/rs-plugin/assets/bullets2.png]
[localhost/belgranowp/wp-content/plugins/revslider/rs-plugin/assets/bullet_boxed.png]
[localhost/belgranowp/wp-content/plugins/revslider/rs-plugin/assets/navigdots.png]
[localhost/belgranowp/wp-content/plugins/revslider/rs-plugin/assets/large_left.png]
[localhost/belgranowp/wp-content/plugins/revslider/rs-plugin/assets/large_right.png]
[localhost/belgranowp/wp-content/plugins/revslider/rs-plugin/assets/small_left.png]
[localhost/belgranowp/wp-content/plugins/revslider/rs-plugin/assets/small_right.png]
[localhost/belgranowp/wp-content/plugins/revslider/rs-plugin/assets/arrow_left.png]
[localhost/belgranowp/wp-content/plugins/revslider/rs-plugin/assets/arrow_right.png]
[localhost/belgranowp/wp-content/plugins/revslider/rs-plugin/assets/small_left_boxed.png]
[localhost/belgranowp/wp-content/plugins/revslider/rs-plugin/assets/small_right_boxed.png]
[localhost/belgranowp/wp-content/plugins/revslider/rs-plugin/assets/arrowleft.png]
[localhost/belgranowp/wp-content/plugins/revslider/rs-plugin/assets/arrowright.png]
[localhost/belgranowp/wp-content/plugins/revslider/rs-plugin/assets/arrow_left2.png]
[localhost/belgranowp/wp-content/plugins/revslider/rs-plugin/assets/arrow_right2.png]
[localhost/belgranowp/wp-content/plugins/revslider/rs-plugin/assets/coloredbg.png]
[localhost/belgranowp/wp-content/plugins/revslider/rs-plugin/css/settings9cbc.css]
[localhost/belgranowp/wp-content/plugins/revslider/rs-plugin/assets/loader.gif]
[localhost/belgranowp/wp-content/themes/x_package/x/framework/img/global/btn-circle-top-small.png]
[localhost/belgranowp/wp-content/themes/x_package/x/framework/img/global/btn-circle-bottom-small.png]
[localhost/belgranowp/wp-content/themes/x_package/x/framework/img/global/loading.gif]
[localhost/belgranowp/wp-content/themes/x_package/x/framework/img/global/ilightbox-preloader-light.gif]
[localhost/belgranowp/wp-content/themes/x_package/x/framework/img/global/ilightbox-thumb-overlay-play-light.png]
[localhost/belgranowp/wp-content/themes/x_package/x/framework/fonts/font_awesome/fontawesome-webfonte0a5.eot]
[localhost/belgranowp/wp-content/themes/x_package/x/framework/fonts/font_awesome/fontawesome-webfontd41d.eot]
[localhost/belgranowp/wp-content/themes/x_package/x/framework/fonts/font_awesome/fontawesome-webfonte0a5.woff2]
[localhost/belgranowp/wp-content/themes/x_package/x/framework/fonts/font_awesome/fontawesome-webfonte0a5.woff]
[localhost/belgranowp/wp-content/themes/x_package/x/framework/fonts/font_awesome/fontawesome-webfonte0a5.ttf]
[localhost/belgranowp/wp-content/themes/x_package/x/framework/css/site/stacks/renew631d.css]
[fonts.googleapis.com/cssa890.css]
[localhost/belgranowp/wp-content/plugins/cornerstone/assets/img/btn-circle-top-small.png]
[localhost/belgranowp/wp-content/plugins/cornerstone/assets/img/btn-circle-bottom-small.png]
[localhost/belgranowp/wp-content/plugins/cornerstone/assets/fonts/font_awesome/fontawesome-webfonte0a5.eot]
[localhost/belgranowp/wp-content/plugins/cornerstone/assets/fonts/font_awesome/fontawesome-webfontd41d.eot]
[localhost/belgranowp/wp-content/plugins/cornerstone/assets/fonts/font_awesome/fontawesome-webfonte0a5.woff2]
[localhost/belgranowp/wp-content/plugins/cornerstone/assets/fonts/font_awesome/fontawesome-webfonte0a5.woff]
[localhost/belgranowp/wp-content/plugins/cornerstone/assets/fonts/font_awesome/fontawesome-webfonte0a5.ttf]
[localhost/belgranowp/wp-content/plugins/cornerstone/assets/css/site/style4b68.css]
[localhost/belgranowp/institucion/index.html]
[localhost/belgranowp/modalidades/index.html]
[localhost/belgranowp/horarios/index.html]
[localhost/belgranowp/preinscripcion/index.html]
[localhost/belgranowp/noticias/index.html]
[localhost/belgranowp/wp-content/plugins/revslider/rs-plugin/font/revicons90c6.svg]
[localhost/belgranowp/wp-content/themes/x_package/x/framework/css/site/stacks/closedhand.html]
[localhost/belgranowp/wp-content/themes/x_package/x/framework/fonts/font_awesome/fontawesome-webfonte0a5.svg]
[localhost/belgranowp/wp-content/plugins/cornerstone/assets/fonts/font_awesome/fontawesome-webfonte0a5.svg]
